// Jest Snapshot v1, https://goo.gl/fbAQLP

exports[`That app loads with correct data 1`] = `[Function]`;
