// Jest Snapshot v1, https://goo.gl/fbAQLP

exports[`the imported data is correct 1`] = `[Function]`;
